
Allocating common symbols
Common symbol       size              file

RxMsg               0x14              ..\obj\can_metoder.o
Rx_Array            0x80              ..\obj\can_metoder.o

Discarded input sections

 .text          0x00000000        0x0 ..\obj\UART_metoder.o
 .text          0x00000000        0x0 ..\obj\stm32f30x_rcc.o
 .bss           0x00000000        0x0 ..\obj\stm32f30x_rcc.o
 .text.RCC_DeInit
                0x00000000       0x7c ..\obj\stm32f30x_rcc.o
 .text.RCC_HSEConfig
                0x00000000       0x24 ..\obj\stm32f30x_rcc.o
 .text.RCC_WaitForHSEStartUp
                0x00000000       0x50 ..\obj\stm32f30x_rcc.o
 .text.RCC_AdjustHSICalibrationValue
                0x00000000       0x3c ..\obj\stm32f30x_rcc.o
 .text.RCC_HSICmd
                0x00000000       0x20 ..\obj\stm32f30x_rcc.o
 .text.RCC_LSEConfig
                0x00000000       0x3c ..\obj\stm32f30x_rcc.o
 .text.RCC_LSEDriveConfig
                0x00000000       0x30 ..\obj\stm32f30x_rcc.o
 .text.RCC_LSICmd
                0x00000000       0x20 ..\obj\stm32f30x_rcc.o
 .text.RCC_PLLConfig
                0x00000000       0x34 ..\obj\stm32f30x_rcc.o
 .text.RCC_PLLCmd
                0x00000000       0x20 ..\obj\stm32f30x_rcc.o
 .text.RCC_PREDIV1Config
                0x00000000       0x38 ..\obj\stm32f30x_rcc.o
 .text.RCC_ClockSecuritySystemCmd
                0x00000000       0x20 ..\obj\stm32f30x_rcc.o
 .text.RCC_MCOConfig
                0x00000000       0x20 ..\obj\stm32f30x_rcc.o
 .text.RCC_SYSCLKConfig
                0x00000000       0x38 ..\obj\stm32f30x_rcc.o
 .text.RCC_GetSYSCLKSource
                0x00000000       0x20 ..\obj\stm32f30x_rcc.o
 .text.RCC_HCLKConfig
                0x00000000       0x38 ..\obj\stm32f30x_rcc.o
 .text.RCC_PCLK1Config
                0x00000000       0x38 ..\obj\stm32f30x_rcc.o
 .text.RCC_PCLK2Config
                0x00000000       0x38 ..\obj\stm32f30x_rcc.o
 .text.RCC_ADCCLKConfig
                0x00000000       0x4c ..\obj\stm32f30x_rcc.o
 .text.RCC_I2CCLKConfig
                0x00000000       0x4c ..\obj\stm32f30x_rcc.o
 .text.RCC_TIMCLKConfig
                0x00000000       0x4c ..\obj\stm32f30x_rcc.o
 .text.RCC_USARTCLKConfig
                0x00000000       0x98 ..\obj\stm32f30x_rcc.o
 .text.RCC_USBCLKConfig
                0x00000000       0x1c ..\obj\stm32f30x_rcc.o
 .text.RCC_RTCCLKConfig
                0x00000000       0x24 ..\obj\stm32f30x_rcc.o
 .text.RCC_I2SCLKConfig
                0x00000000       0x1c ..\obj\stm32f30x_rcc.o
 .text.RCC_RTCCLKCmd
                0x00000000       0x20 ..\obj\stm32f30x_rcc.o
 .text.RCC_BackupResetCmd
                0x00000000       0x20 ..\obj\stm32f30x_rcc.o
 .text.RCC_APB2PeriphClockCmd
                0x00000000       0x3c ..\obj\stm32f30x_rcc.o
 .text.RCC_AHBPeriphResetCmd
                0x00000000       0x3c ..\obj\stm32f30x_rcc.o
 .text.RCC_APB2PeriphResetCmd
                0x00000000       0x3c ..\obj\stm32f30x_rcc.o
 .text.RCC_ITConfig
                0x00000000       0x4c ..\obj\stm32f30x_rcc.o
 .text.RCC_GetFlagStatus
                0x00000000       0x84 ..\obj\stm32f30x_rcc.o
 .text.RCC_ClearFlag
                0x00000000       0x1c ..\obj\stm32f30x_rcc.o
 .text.RCC_GetITStatus
                0x00000000       0x38 ..\obj\stm32f30x_rcc.o
 .text.RCC_ClearITPendingBit
                0x00000000       0x20 ..\obj\stm32f30x_rcc.o
 .text          0x00000000        0x0 ..\obj\stm32f30x_adc.o
 .data          0x00000000        0x0 ..\obj\stm32f30x_adc.o
 .bss           0x00000000        0x0 ..\obj\stm32f30x_adc.o
 .text.ADC_DeInit
                0x00000000       0x64 ..\obj\stm32f30x_adc.o
 .text.ADC_Init
                0x00000000       0x80 ..\obj\stm32f30x_adc.o
 .text.ADC_StructInit
                0x00000000       0x44 ..\obj\stm32f30x_adc.o
 .text.ADC_InjectedInit
                0x00000000       0x60 ..\obj\stm32f30x_adc.o
 .text.ADC_InjectedStructInit
                0x00000000       0x3c ..\obj\stm32f30x_adc.o
 .text.ADC_CommonInit
                0x00000000       0x9c ..\obj\stm32f30x_adc.o
 .text.ADC_CommonStructInit
                0x00000000       0x30 ..\obj\stm32f30x_adc.o
 .text.ADC_Cmd  0x00000000       0x38 ..\obj\stm32f30x_adc.o
 .text.ADC_StartCalibration
                0x00000000       0x20 ..\obj\stm32f30x_adc.o
 .text.ADC_GetCalibrationValue
                0x00000000       0x1c ..\obj\stm32f30x_adc.o
 .text.ADC_SetCalibrationValue
                0x00000000       0x1c ..\obj\stm32f30x_adc.o
 .text.ADC_SelectCalibrationMode
                0x00000000       0x2c ..\obj\stm32f30x_adc.o
 .text.ADC_GetCalibrationStatus
                0x00000000       0x2c ..\obj\stm32f30x_adc.o
 .text.ADC_DisableCmd
                0x00000000       0x20 ..\obj\stm32f30x_adc.o
 .text.ADC_GetDisableCmdStatus
                0x00000000       0x30 ..\obj\stm32f30x_adc.o
 .text.ADC_VoltageRegulatorCmd
                0x00000000       0x44 ..\obj\stm32f30x_adc.o
 .text.ADC_SelectDifferentialMode
                0x00000000       0x50 ..\obj\stm32f30x_adc.o
 .text.ADC_SelectQueueOfContextMode
                0x00000000       0x38 ..\obj\stm32f30x_adc.o
 .text.ADC_AutoDelayCmd
                0x00000000       0x38 ..\obj\stm32f30x_adc.o
 .text.ADC_AnalogWatchdogCmd
                0x00000000       0x34 ..\obj\stm32f30x_adc.o
 .text.ADC_AnalogWatchdog1ThresholdsConfig
                0x00000000       0x54 ..\obj\stm32f30x_adc.o
 .text.ADC_AnalogWatchdog2ThresholdsConfig
                0x00000000       0x4c ..\obj\stm32f30x_adc.o
 .text.ADC_AnalogWatchdog3ThresholdsConfig
                0x00000000       0x4c ..\obj\stm32f30x_adc.o
 .text.ADC_AnalogWatchdog1SingleChannelConfig
                0x00000000       0x38 ..\obj\stm32f30x_adc.o
 .text.ADC_AnalogWatchdog2SingleChannelConfig
                0x00000000       0x4c ..\obj\stm32f30x_adc.o
 .text.ADC_AnalogWatchdog3SingleChannelConfig
                0x00000000       0x4c ..\obj\stm32f30x_adc.o
 .text.ADC_TempSensorCmd
                0x00000000       0x74 ..\obj\stm32f30x_adc.o
 .text.ADC_VrefintCmd
                0x00000000       0x74 ..\obj\stm32f30x_adc.o
 .text.ADC_VbatCmd
                0x00000000       0x74 ..\obj\stm32f30x_adc.o
 .text.ADC_RegularChannelConfig
                0x00000000      0x1f0 ..\obj\stm32f30x_adc.o
 .text.ADC_RegularChannelSequencerLengthConfig
                0x00000000       0x30 ..\obj\stm32f30x_adc.o
 .text.ADC_ExternalTriggerConfig
                0x00000000       0x38 ..\obj\stm32f30x_adc.o
 .text.ADC_StartConversion
                0x00000000       0x20 ..\obj\stm32f30x_adc.o
 .text.ADC_GetStartConversionStatus
                0x00000000       0x30 ..\obj\stm32f30x_adc.o
 .text.ADC_StopConversion
                0x00000000       0x20 ..\obj\stm32f30x_adc.o
 .text.ADC_DiscModeChannelCountConfig
                0x00000000       0x44 ..\obj\stm32f30x_adc.o
 .text.ADC_DiscModeCmd
                0x00000000       0x38 ..\obj\stm32f30x_adc.o
 .text.ADC_GetConversionValue
                0x00000000       0x1c ..\obj\stm32f30x_adc.o
 .text.ADC_GetDualModeConversionValue
                0x00000000       0x44 ..\obj\stm32f30x_adc.o
 .text.ADC_SetChannelOffset1
                0x00000000       0x50 ..\obj\stm32f30x_adc.o
 .text.ADC_SetChannelOffset2
                0x00000000       0x50 ..\obj\stm32f30x_adc.o
 .text.ADC_SetChannelOffset3
                0x00000000       0x50 ..\obj\stm32f30x_adc.o
 .text.ADC_SetChannelOffset4
                0x00000000       0x50 ..\obj\stm32f30x_adc.o
 .text.ADC_ChannelOffset1Cmd
                0x00000000       0x38 ..\obj\stm32f30x_adc.o
 .text.ADC_ChannelOffset2Cmd
                0x00000000       0x38 ..\obj\stm32f30x_adc.o
 .text.ADC_ChannelOffset3Cmd
                0x00000000       0x38 ..\obj\stm32f30x_adc.o
 .text.ADC_ChannelOffset4Cmd
                0x00000000       0x38 ..\obj\stm32f30x_adc.o
 .text.ADC_DMACmd
                0x00000000       0x38 ..\obj\stm32f30x_adc.o
 .text.ADC_DMAConfig
                0x00000000       0x2c ..\obj\stm32f30x_adc.o
 .text.ADC_InjectedChannelSampleTimeConfig
                0x00000000       0xa0 ..\obj\stm32f30x_adc.o
 .text.ADC_StartInjectedConversion
                0x00000000       0x20 ..\obj\stm32f30x_adc.o
 .text.ADC_StopInjectedConversion
                0x00000000       0x20 ..\obj\stm32f30x_adc.o
 .text.ADC_GetStartInjectedConversionStatus
                0x00000000       0x30 ..\obj\stm32f30x_adc.o
 .text.ADC_AutoInjectedConvCmd
                0x00000000       0x38 ..\obj\stm32f30x_adc.o
 .text.ADC_InjectedDiscModeCmd
                0x00000000       0x38 ..\obj\stm32f30x_adc.o
 .text.ADC_GetInjectedConversionValue
                0x00000000       0x38 ..\obj\stm32f30x_adc.o
 .text.ADC_ITConfig
                0x00000000       0x3c ..\obj\stm32f30x_adc.o
 .text.ADC_GetFlagStatus
                0x00000000       0x34 ..\obj\stm32f30x_adc.o
 .text.ADC_ClearFlag
                0x00000000       0x1c ..\obj\stm32f30x_adc.o
 .text.ADC_GetCommonFlagStatus
                0x00000000       0x60 ..\obj\stm32f30x_adc.o
 .text.ADC_ClearCommonFlag
                0x00000000       0x4c ..\obj\stm32f30x_adc.o
 .text.ADC_GetITStatus
                0x00000000       0x58 ..\obj\stm32f30x_adc.o
 .text.ADC_ClearITPendingBit
                0x00000000       0x20 ..\obj\stm32f30x_adc.o
 .debug_info    0x00000000     0x1317 ..\obj\stm32f30x_adc.o
 .debug_abbrev  0x00000000      0x190 ..\obj\stm32f30x_adc.o
 .debug_aranges
                0x00000000      0x210 ..\obj\stm32f30x_adc.o
 .debug_ranges  0x00000000      0x200 ..\obj\stm32f30x_adc.o
 .debug_line    0x00000000      0x83f ..\obj\stm32f30x_adc.o
 .debug_str     0x00000000      0xbb4 ..\obj\stm32f30x_adc.o
 .comment       0x00000000       0x71 ..\obj\stm32f30x_adc.o
 .debug_frame   0x00000000      0x9e4 ..\obj\stm32f30x_adc.o
 .ARM.attributes
                0x00000000       0x33 ..\obj\stm32f30x_adc.o
 .text          0x00000000        0x0 ..\obj\stm32f30x_gpio.o
 .data          0x00000000        0x0 ..\obj\stm32f30x_gpio.o
 .bss           0x00000000        0x0 ..\obj\stm32f30x_gpio.o
 .text.GPIO_DeInit
                0x00000000       0xd4 ..\obj\stm32f30x_gpio.o
 .text.GPIO_StructInit
                0x00000000       0x34 ..\obj\stm32f30x_gpio.o
 .text.GPIO_PinLockConfig
                0x00000000       0x44 ..\obj\stm32f30x_gpio.o
 .text.GPIO_ReadInputDataBit
                0x00000000       0x38 ..\obj\stm32f30x_gpio.o
 .text.GPIO_ReadInputData
                0x00000000       0x1c ..\obj\stm32f30x_gpio.o
 .text.GPIO_ReadOutputDataBit
                0x00000000       0x38 ..\obj\stm32f30x_gpio.o
 .text.GPIO_ReadOutputData
                0x00000000       0x1c ..\obj\stm32f30x_gpio.o
 .text.GPIO_SetBits
                0x00000000       0x1c ..\obj\stm32f30x_gpio.o
 .text.GPIO_ResetBits
                0x00000000       0x1c ..\obj\stm32f30x_gpio.o
 .text.GPIO_WriteBit
                0x00000000       0x30 ..\obj\stm32f30x_gpio.o
 .text.GPIO_Write
                0x00000000       0x1c ..\obj\stm32f30x_gpio.o
 .text          0x00000000        0x0 ..\obj\GPIO_metoder.o
 .data          0x00000000        0x0 ..\obj\GPIO_metoder.o
 .bss           0x00000000        0x0 ..\obj\GPIO_metoder.o
 .text          0x00000000        0x0 ..\obj\main.o
 .data          0x00000000        0x0 ..\obj\main.o
 .bss           0x00000000        0x0 ..\obj\main.o
 .text          0x00000000        0x0 ..\obj\init.o
 .data          0x00000000        0x0 ..\obj\init.o
 .bss           0x00000000        0x0 ..\obj\init.o
 .text          0x00000000        0x0 ..\obj\can_metoder.o
 .data          0x00000000        0x0 ..\obj\can_metoder.o
 .text          0x00000000        0x0 ..\obj\system_stm32f30x_temp.o
 .data          0x00000000       0x14 ..\obj\system_stm32f30x_temp.o
 .bss           0x00000000        0x0 ..\obj\system_stm32f30x_temp.o
 .text.SystemCoreClockUpdate1
                0x00000000       0xd4 ..\obj\system_stm32f30x_temp.o
 .text          0x00000000        0x0 ..\obj\syscalls.o
 .data          0x00000000        0x0 ..\obj\syscalls.o
 .bss           0x00000000        0x4 ..\obj\syscalls.o
 .text._sbrk    0x00000000       0x40 ..\obj\syscalls.o
 .text.link     0x00000000       0x1c ..\obj\syscalls.o
 .text._close   0x00000000       0x18 ..\obj\syscalls.o
 .text._fstat   0x00000000       0x20 ..\obj\syscalls.o
 .text._isatty  0x00000000       0x18 ..\obj\syscalls.o
 .text._lseek   0x00000000       0x1c ..\obj\syscalls.o
 .text._read    0x00000000       0x1c ..\obj\syscalls.o
 .text._write   0x00000000       0x1c ..\obj\syscalls.o
 .text.abort    0x00000000        0x8 ..\obj\syscalls.o
 .debug_info    0x00000000      0x3ee ..\obj\syscalls.o
 .debug_abbrev  0x00000000       0xe2 ..\obj\syscalls.o
 .debug_aranges
                0x00000000       0x60 ..\obj\syscalls.o
 .debug_ranges  0x00000000       0x50 ..\obj\syscalls.o
 .debug_line    0x00000000      0x192 ..\obj\syscalls.o
 .debug_str     0x00000000      0x306 ..\obj\syscalls.o
 .comment       0x00000000       0x71 ..\obj\syscalls.o
 .debug_frame   0x00000000      0x168 ..\obj\syscalls.o
 .ARM.attributes
                0x00000000       0x33 ..\obj\syscalls.o
 .text          0x00000000        0x0 ..\obj\stm32f30x_misc.o
 .data          0x00000000        0x0 ..\obj\stm32f30x_misc.o
 .bss           0x00000000        0x0 ..\obj\stm32f30x_misc.o
 .text.NVIC_PriorityGroupConfig
                0x00000000       0x24 ..\obj\stm32f30x_misc.o
 .text.NVIC_SetVectorTable
                0x00000000       0x2c ..\obj\stm32f30x_misc.o
 .text.NVIC_SystemLPConfig
                0x00000000       0x40 ..\obj\stm32f30x_misc.o
 .text.SysTick_CLKSourceConfig
                0x00000000       0x38 ..\obj\stm32f30x_misc.o
 .text          0x00000000        0x0 ..\obj\stm32f30x_tim.o
 .data          0x00000000        0x0 ..\obj\stm32f30x_tim.o
 .bss           0x00000000        0x0 ..\obj\stm32f30x_tim.o
 .text.TIM_DeInit
                0x00000000      0x148 ..\obj\stm32f30x_tim.o
 .text.TIM_TimeBaseInit
                0x00000000       0xec ..\obj\stm32f30x_tim.o
 .text.TIM_TimeBaseStructInit
                0x00000000       0x34 ..\obj\stm32f30x_tim.o
 .text.TIM_PrescalerConfig
                0x00000000       0x28 ..\obj\stm32f30x_tim.o
 .text.TIM_CounterModeConfig
                0x00000000       0x38 ..\obj\stm32f30x_tim.o
 .text.TIM_SetCounter
                0x00000000       0x1c ..\obj\stm32f30x_tim.o
 .text.TIM_SetAutoreload
                0x00000000       0x1c ..\obj\stm32f30x_tim.o
 .text.TIM_GetCounter
                0x00000000       0x18 ..\obj\stm32f30x_tim.o
 .text.TIM_GetPrescaler
                0x00000000       0x1c ..\obj\stm32f30x_tim.o
 .text.TIM_UpdateDisableConfig
                0x00000000       0x40 ..\obj\stm32f30x_tim.o
 .text.TIM_UpdateRequestConfig
                0x00000000       0x40 ..\obj\stm32f30x_tim.o
 .text.TIM_UIFRemap
                0x00000000       0x40 ..\obj\stm32f30x_tim.o
 .text.TIM_ARRPreloadConfig
                0x00000000       0x40 ..\obj\stm32f30x_tim.o
 .text.TIM_SelectOnePulseMode
                0x00000000       0x38 ..\obj\stm32f30x_tim.o
 .text.TIM_SetClockDivision
                0x00000000       0x38 ..\obj\stm32f30x_tim.o
 .text.TIM_Cmd  0x00000000       0x40 ..\obj\stm32f30x_tim.o
 .text.TIM_OC1Init
                0x00000000      0x124 ..\obj\stm32f30x_tim.o
 .text.TIM_OC2Init
                0x00000000      0x100 ..\obj\stm32f30x_tim.o
 .text.TIM_OC3Init
                0x00000000       0xfc ..\obj\stm32f30x_tim.o
 .text.TIM_OC4Init
                0x00000000       0xc0 ..\obj\stm32f30x_tim.o
 .text.TIM_OC5Init
                0x00000000       0xb8 ..\obj\stm32f30x_tim.o
 .text.TIM_OC6Init
                0x00000000       0xac ..\obj\stm32f30x_tim.o
 .text.TIM_SelectGC5C1
                0x00000000       0x38 ..\obj\stm32f30x_tim.o
 .text.TIM_SelectGC5C2
                0x00000000       0x38 ..\obj\stm32f30x_tim.o
 .text.TIM_SelectGC5C3
                0x00000000       0x38 ..\obj\stm32f30x_tim.o
 .text.TIM_OCStructInit
                0x00000000       0x44 ..\obj\stm32f30x_tim.o
 .text.TIM_SelectOCxM
                0x00000000       0xac ..\obj\stm32f30x_tim.o
 .text.TIM_SetCompare1
                0x00000000       0x1c ..\obj\stm32f30x_tim.o
 .text.TIM_SetCompare2
                0x00000000       0x1c ..\obj\stm32f30x_tim.o
 .text.TIM_SetCompare3
                0x00000000       0x1c ..\obj\stm32f30x_tim.o
 .text.TIM_SetCompare4
                0x00000000       0x1c ..\obj\stm32f30x_tim.o
 .text.TIM_SetCompare5
                0x00000000       0x1c ..\obj\stm32f30x_tim.o
 .text.TIM_SetCompare6
                0x00000000       0x1c ..\obj\stm32f30x_tim.o
 .text.TIM_ForcedOC1Config
                0x00000000       0x3c ..\obj\stm32f30x_tim.o
 .text.TIM_ForcedOC2Config
                0x00000000       0x3c ..\obj\stm32f30x_tim.o
 .text.TIM_ForcedOC3Config
                0x00000000       0x38 ..\obj\stm32f30x_tim.o
 .text.TIM_ForcedOC4Config
                0x00000000       0x38 ..\obj\stm32f30x_tim.o
 .text.TIM_ForcedOC5Config
                0x00000000       0x38 ..\obj\stm32f30x_tim.o
 .text.TIM_ForcedOC6Config
                0x00000000       0x38 ..\obj\stm32f30x_tim.o
 .text.TIM_OC1PreloadConfig
                0x00000000       0x38 ..\obj\stm32f30x_tim.o
 .text.TIM_OC2PreloadConfig
                0x00000000       0x38 ..\obj\stm32f30x_tim.o
 .text.TIM_OC3PreloadConfig
                0x00000000       0x38 ..\obj\stm32f30x_tim.o
 .text.TIM_OC4PreloadConfig
                0x00000000       0x38 ..\obj\stm32f30x_tim.o
 .text.TIM_OC5PreloadConfig
                0x00000000       0x38 ..\obj\stm32f30x_tim.o
 .text.TIM_OC6PreloadConfig
                0x00000000       0x38 ..\obj\stm32f30x_tim.o
 .text.TIM_OC1FastConfig
                0x00000000       0x38 ..\obj\stm32f30x_tim.o
 .text.TIM_OC2FastConfig
                0x00000000       0x38 ..\obj\stm32f30x_tim.o
 .text.TIM_OC3FastConfig
                0x00000000       0x38 ..\obj\stm32f30x_tim.o
 .text.TIM_OC4FastConfig
                0x00000000       0x38 ..\obj\stm32f30x_tim.o
 .text.TIM_ClearOC1Ref
                0x00000000       0x38 ..\obj\stm32f30x_tim.o
 .text.TIM_ClearOC2Ref
                0x00000000       0x38 ..\obj\stm32f30x_tim.o
 .text.TIM_ClearOC3Ref
                0x00000000       0x38 ..\obj\stm32f30x_tim.o
 .text.TIM_ClearOC4Ref
                0x00000000       0x38 ..\obj\stm32f30x_tim.o
 .text.TIM_ClearOC5Ref
                0x00000000       0x38 ..\obj\stm32f30x_tim.o
 .text.TIM_ClearOC6Ref
                0x00000000       0x38 ..\obj\stm32f30x_tim.o
 .text.TIM_SelectOCREFClear
                0x00000000       0x30 ..\obj\stm32f30x_tim.o
 .text.TIM_OC1PolarityConfig
                0x00000000       0x38 ..\obj\stm32f30x_tim.o
 .text.TIM_OC1NPolarityConfig
                0x00000000       0x38 ..\obj\stm32f30x_tim.o
 .text.TIM_OC2PolarityConfig
                0x00000000       0x38 ..\obj\stm32f30x_tim.o
 .text.TIM_OC2NPolarityConfig
                0x00000000       0x38 ..\obj\stm32f30x_tim.o
 .text.TIM_OC3PolarityConfig
                0x00000000       0x38 ..\obj\stm32f30x_tim.o
 .text.TIM_OC3NPolarityConfig
                0x00000000       0x38 ..\obj\stm32f30x_tim.o
 .text.TIM_OC4PolarityConfig
                0x00000000       0x38 ..\obj\stm32f30x_tim.o
 .text.TIM_OC5PolarityConfig
                0x00000000       0x38 ..\obj\stm32f30x_tim.o
 .text.TIM_OC6PolarityConfig
                0x00000000       0x38 ..\obj\stm32f30x_tim.o
 .text.TIM_CCxCmd
                0x00000000       0x48 ..\obj\stm32f30x_tim.o
 .text.TIM_CCxNCmd
                0x00000000       0x48 ..\obj\stm32f30x_tim.o
 .text.TIM_ICInit
                0x00000000       0xa8 ..\obj\stm32f30x_tim.o
 .text.TIM_ICStructInit
                0x00000000       0x30 ..\obj\stm32f30x_tim.o
 .text.TIM_PWMIConfig
                0x00000000       0xb8 ..\obj\stm32f30x_tim.o
 .text.TIM_GetCapture1
                0x00000000       0x18 ..\obj\stm32f30x_tim.o
 .text.TIM_GetCapture2
                0x00000000       0x18 ..\obj\stm32f30x_tim.o
 .text.TIM_GetCapture3
                0x00000000       0x18 ..\obj\stm32f30x_tim.o
 .text.TIM_GetCapture4
                0x00000000       0x18 ..\obj\stm32f30x_tim.o
 .text.TIM_SetIC1Prescaler
                0x00000000       0x30 ..\obj\stm32f30x_tim.o
 .text.TIM_SetIC2Prescaler
                0x00000000       0x30 ..\obj\stm32f30x_tim.o
 .text.TIM_SetIC3Prescaler
                0x00000000       0x30 ..\obj\stm32f30x_tim.o
 .text.TIM_SetIC4Prescaler
                0x00000000       0x34 ..\obj\stm32f30x_tim.o
 .text.TIM_BDTRConfig
                0x00000000       0x50 ..\obj\stm32f30x_tim.o
 .text.TIM_Break1Config
                0x00000000       0x38 ..\obj\stm32f30x_tim.o
 .text.TIM_Break2Config
                0x00000000       0x38 ..\obj\stm32f30x_tim.o
 .text.TIM_Break1Cmd
                0x00000000       0x38 ..\obj\stm32f30x_tim.o
 .text.TIM_Break2Cmd
                0x00000000       0x38 ..\obj\stm32f30x_tim.o
 .text.TIM_BDTRStructInit
                0x00000000       0x3c ..\obj\stm32f30x_tim.o
 .text.TIM_CtrlPWMOutputs
                0x00000000       0x38 ..\obj\stm32f30x_tim.o
 .text.TIM_SelectCOM
                0x00000000       0x38 ..\obj\stm32f30x_tim.o
 .text.TIM_CCPreloadControl
                0x00000000       0x38 ..\obj\stm32f30x_tim.o
 .text.TIM_ITConfig
                0x00000000       0x40 ..\obj\stm32f30x_tim.o
 .text.TIM_GenerateEvent
                0x00000000       0x1c ..\obj\stm32f30x_tim.o
 .text.TIM_GetFlagStatus
                0x00000000       0x34 ..\obj\stm32f30x_tim.o
 .text.TIM_ClearFlag
                0x00000000       0x24 ..\obj\stm32f30x_tim.o
 .text.TIM_GetITStatus
                0x00000000       0x54 ..\obj\stm32f30x_tim.o
 .text.TIM_ClearITPendingBit
                0x00000000       0x24 ..\obj\stm32f30x_tim.o
 .text.TIM_DMAConfig
                0x00000000       0x28 ..\obj\stm32f30x_tim.o
 .text.TIM_DMACmd
                0x00000000       0x40 ..\obj\stm32f30x_tim.o
 .text.TIM_SelectCCDMA
                0x00000000       0x38 ..\obj\stm32f30x_tim.o
 .text.TIM_InternalClockConfig
                0x00000000       0x20 ..\obj\stm32f30x_tim.o
 .text.TIM_ITRxExternalClockConfig
                0x00000000       0x28 ..\obj\stm32f30x_tim.o
 .text.TIM_TIxExternalClockConfig
                0x00000000       0x5c ..\obj\stm32f30x_tim.o
 .text.TIM_ETRClockMode1Config
                0x00000000       0x5c ..\obj\stm32f30x_tim.o
 .text.TIM_ETRClockMode2Config
                0x00000000       0x38 ..\obj\stm32f30x_tim.o
 .text.TIM_SelectInputTrigger
                0x00000000       0x38 ..\obj\stm32f30x_tim.o
 .text.TIM_SelectOutputTrigger
                0x00000000       0x30 ..\obj\stm32f30x_tim.o
 .text.TIM_SelectOutputTrigger2
                0x00000000       0x2c ..\obj\stm32f30x_tim.o
 .text.TIM_SelectSlaveMode
                0x00000000       0x30 ..\obj\stm32f30x_tim.o
 .text.TIM_SelectMasterSlaveMode
                0x00000000       0x30 ..\obj\stm32f30x_tim.o
 .text.TIM_ETRConfig
                0x00000000       0x54 ..\obj\stm32f30x_tim.o
 .text.TIM_EncoderInterfaceConfig
                0x00000000       0x98 ..\obj\stm32f30x_tim.o
 .text.TIM_SelectHallSensor
                0x00000000       0x38 ..\obj\stm32f30x_tim.o
 .text.TIM_RemapConfig
                0x00000000       0x20 ..\obj\stm32f30x_tim.o
 .text.TI1_Config
                0x00000000       0x80 ..\obj\stm32f30x_tim.o
 .text.TI2_Config
                0x00000000       0x98 ..\obj\stm32f30x_tim.o
 .text.TI3_Config
                0x00000000       0x8c ..\obj\stm32f30x_tim.o
 .text.TI4_Config
                0x00000000       0x9c ..\obj\stm32f30x_tim.o
 .debug_info    0x00000000     0x2184 ..\obj\stm32f30x_tim.o
 .debug_abbrev  0x00000000      0x187 ..\obj\stm32f30x_tim.o
 .debug_aranges
                0x00000000      0x3a8 ..\obj\stm32f30x_tim.o
 .debug_ranges  0x00000000      0x398 ..\obj\stm32f30x_tim.o
 .debug_line    0x00000000      0xcdc ..\obj\stm32f30x_tim.o
 .debug_str     0x00000000      0xf9b ..\obj\stm32f30x_tim.o
 .comment       0x00000000       0x71 ..\obj\stm32f30x_tim.o
 .debug_frame   0x00000000     0x11c4 ..\obj\stm32f30x_tim.o
 .ARM.attributes
                0x00000000       0x33 ..\obj\stm32f30x_tim.o
 .text          0x00000000       0x14 ..\obj\startup_stm32f30x.o
 .data          0x00000000        0x0 ..\obj\startup_stm32f30x.o
 .bss           0x00000000        0x0 ..\obj\startup_stm32f30x.o
 .text          0x00000000        0x0 ..\obj\stm32f30x_syscfg.o
 .data          0x00000000        0x0 ..\obj\stm32f30x_syscfg.o
 .bss           0x00000000        0x0 ..\obj\stm32f30x_syscfg.o
 .text.SYSCFG_DeInit
                0x00000000       0x4c ..\obj\stm32f30x_syscfg.o
 .text.SYSCFG_MemoryRemapConfig
                0x00000000       0x38 ..\obj\stm32f30x_syscfg.o
 .text.SYSCFG_DMAChannelRemapConfig
                0x00000000       0x3c ..\obj\stm32f30x_syscfg.o
 .text.SYSCFG_TriggerRemapConfig
                0x00000000       0x3c ..\obj\stm32f30x_syscfg.o
 .text.SYSCFG_EncoderRemapConfig
                0x00000000       0x30 ..\obj\stm32f30x_syscfg.o
 .text.SYSCFG_USBInterruptLineRemapCmd
                0x00000000       0x20 ..\obj\stm32f30x_syscfg.o
 .text.SYSCFG_I2CFastModePlusConfig
                0x00000000       0x3c ..\obj\stm32f30x_syscfg.o
 .text.SYSCFG_ITConfig
                0x00000000       0x3c ..\obj\stm32f30x_syscfg.o
 .text.SYSCFG_EXTILineConfig
                0x00000000       0x84 ..\obj\stm32f30x_syscfg.o
 .text.SYSCFG_BreakConfig
                0x00000000       0x24 ..\obj\stm32f30x_syscfg.o
 .text.SYSCFG_BypassParityCheckDisable
                0x00000000       0x18 ..\obj\stm32f30x_syscfg.o
 .text.SYSCFG_SRAMWRPEnable
                0x00000000       0x24 ..\obj\stm32f30x_syscfg.o
 .text.SYSCFG_GetFlagStatus
                0x00000000       0x34 ..\obj\stm32f30x_syscfg.o
 .text.SYSCFG_ClearFlag
                0x00000000       0x24 ..\obj\stm32f30x_syscfg.o
 .debug_info    0x00000000      0x3c6 ..\obj\stm32f30x_syscfg.o
 .debug_abbrev  0x00000000      0x181 ..\obj\stm32f30x_syscfg.o
 .debug_aranges
                0x00000000       0x88 ..\obj\stm32f30x_syscfg.o
 .debug_ranges  0x00000000       0x78 ..\obj\stm32f30x_syscfg.o
 .debug_line    0x00000000      0x31c ..\obj\stm32f30x_syscfg.o
 .debug_str     0x00000000      0x424 ..\obj\stm32f30x_syscfg.o
 .comment       0x00000000       0x71 ..\obj\stm32f30x_syscfg.o
 .debug_frame   0x00000000      0x230 ..\obj\stm32f30x_syscfg.o
 .ARM.attributes
                0x00000000       0x33 ..\obj\stm32f30x_syscfg.o
 .text          0x00000000        0x0 ..\obj\SysTick_metoder.o
 .data          0x00000000        0x0 ..\obj\SysTick_metoder.o
 .text          0x00000000        0x0 ..\obj\stm32f30x_can.o
 .data          0x00000000        0x0 ..\obj\stm32f30x_can.o
 .bss           0x00000000        0x0 ..\obj\stm32f30x_can.o
 .text.CAN_StructInit
                0x00000000       0x54 ..\obj\stm32f30x_can.o
 .text.CAN_SlaveStartBank
                0x00000000       0x60 ..\obj\stm32f30x_can.o
 .text.CAN_DBGFreeze
                0x00000000       0x38 ..\obj\stm32f30x_can.o
 .text.CAN_TTComModeCmd
                0x00000000       0x98 ..\obj\stm32f30x_can.o
 .text.CAN_CancelTransmit
                0x00000000       0x50 ..\obj\stm32f30x_can.o
 .text.CAN_FIFORelease
                0x00000000       0x38 ..\obj\stm32f30x_can.o
 .text.CAN_MessagePending
                0x00000000       0x4c ..\obj\stm32f30x_can.o
 .text.CAN_OperatingModeRequest
                0x00000000       0xfc ..\obj\stm32f30x_can.o
 .text.CAN_Sleep
                0x00000000       0x3c ..\obj\stm32f30x_can.o
 .text.CAN_WakeUp
                0x00000000       0x58 ..\obj\stm32f30x_can.o
 .text.CAN_GetLastErrorCode
                0x00000000       0x28 ..\obj\stm32f30x_can.o
 .text.CAN_GetReceiveErrorCounter
                0x00000000       0x24 ..\obj\stm32f30x_can.o
 .text.CAN_GetLSBTransmitErrorCounter
                0x00000000       0x28 ..\obj\stm32f30x_can.o
 .text.CAN_GetFlagStatus
                0x00000000       0xd0 ..\obj\stm32f30x_can.o
 .text.CAN_ClearFlag
                0x00000000       0x70 ..\obj\stm32f30x_can.o
 .text.CAN_GetITStatus
                0x00000000      0x194 ..\obj\stm32f30x_can.o
 .text.CAN_ClearITPendingBit
                0x00000000       0xdc ..\obj\stm32f30x_can.o
 .text.CheckITStatus
                0x00000000       0x30 ..\obj\stm32f30x_can.o
 .text          0x00000000        0x0 ..\obj\stm32f30x_usart.o
 .data          0x00000000        0x0 ..\obj\stm32f30x_usart.o
 .bss           0x00000000        0x0 ..\obj\stm32f30x_usart.o
 .text.USART_DeInit
                0x00000000       0xb8 ..\obj\stm32f30x_usart.o
 .text.USART_StructInit
                0x00000000       0x38 ..\obj\stm32f30x_usart.o
 .text.USART_DirectionModeCmd
                0x00000000       0x3c ..\obj\stm32f30x_usart.o
 .text.USART_OverSampling8Cmd
                0x00000000       0x38 ..\obj\stm32f30x_usart.o
 .text.USART_OneBitMethodCmd
                0x00000000       0x38 ..\obj\stm32f30x_usart.o
 .text.USART_MSBFirstCmd
                0x00000000       0x38 ..\obj\stm32f30x_usart.o
 .text.USART_DataInvCmd
                0x00000000       0x38 ..\obj\stm32f30x_usart.o
 .text.USART_InvPinCmd
                0x00000000       0x3c ..\obj\stm32f30x_usart.o
 .text.USART_SWAPPinCmd
                0x00000000       0x38 ..\obj\stm32f30x_usart.o
 .text.USART_ReceiverTimeOutCmd
                0x00000000       0x38 ..\obj\stm32f30x_usart.o
 .text.USART_SetReceiverTimeOut
                0x00000000       0x2c ..\obj\stm32f30x_usart.o
 .text.USART_SetPrescaler
                0x00000000       0x38 ..\obj\stm32f30x_usart.o
 .text.USART_STOPModeCmd
                0x00000000       0x38 ..\obj\stm32f30x_usart.o
 .text.USART_StopModeWakeUpSourceConfig
                0x00000000       0x2c ..\obj\stm32f30x_usart.o
 .text.USART_AutoBaudRateCmd
                0x00000000       0x38 ..\obj\stm32f30x_usart.o
 .text.USART_AutoBaudRateConfig
                0x00000000       0x2c ..\obj\stm32f30x_usart.o
 .text.USART_SetAddress
                0x00000000       0x30 ..\obj\stm32f30x_usart.o
 .text.USART_MuteModeCmd
                0x00000000       0x38 ..\obj\stm32f30x_usart.o
 .text.USART_MuteModeWakeUpConfig
                0x00000000       0x2c ..\obj\stm32f30x_usart.o
 .text.USART_AddressDetectionConfig
                0x00000000       0x2c ..\obj\stm32f30x_usart.o
 .text.USART_LINBreakDetectLengthConfig
                0x00000000       0x2c ..\obj\stm32f30x_usart.o
 .text.USART_LINCmd
                0x00000000       0x38 ..\obj\stm32f30x_usart.o
 .text.USART_HalfDuplexCmd
                0x00000000       0x38 ..\obj\stm32f30x_usart.o
 .text.USART_SetGuardTime
                0x00000000       0x3c ..\obj\stm32f30x_usart.o
 .text.USART_SmartCardCmd
                0x00000000       0x38 ..\obj\stm32f30x_usart.o
 .text.USART_SmartCardNACKCmd
                0x00000000       0x38 ..\obj\stm32f30x_usart.o
 .text.USART_SetAutoRetryCount
                0x00000000       0x30 ..\obj\stm32f30x_usart.o
 .text.USART_SetBlockLength
                0x00000000       0x30 ..\obj\stm32f30x_usart.o
 .text.USART_IrDAConfig
                0x00000000       0x2c ..\obj\stm32f30x_usart.o
 .text.USART_IrDACmd
                0x00000000       0x38 ..\obj\stm32f30x_usart.o
 .text.USART_DECmd
                0x00000000       0x38 ..\obj\stm32f30x_usart.o
 .text.USART_DEPolarityConfig
                0x00000000       0x2c ..\obj\stm32f30x_usart.o
 .text.USART_SetDEAssertionTime
                0x00000000       0x30 ..\obj\stm32f30x_usart.o
 .text.USART_SetDEDeassertionTime
                0x00000000       0x30 ..\obj\stm32f30x_usart.o
 .text.USART_DMACmd
                0x00000000       0x3c ..\obj\stm32f30x_usart.o
 .text.USART_DMAReceptionErrorConfig
                0x00000000       0x2c ..\obj\stm32f30x_usart.o
 .text.USART_RequestCmd
                0x00000000       0x48 ..\obj\stm32f30x_usart.o
 .text.USART_OverrunDetectionConfig
                0x00000000       0x2c ..\obj\stm32f30x_usart.o
 .text.USART_ClearFlag
                0x00000000       0x1c ..\obj\stm32f30x_usart.o
 .text.USART_ClearITPendingBit
                0x00000000       0x34 ..\obj\stm32f30x_usart.o

Memory Configuration

Name             Origin             Length             Attributes
rom              0x08000000         0x00040000         xr
ram              0x20000000         0x0000a000         xrw
ram1             0x10000000         0x00002000         xrw
*default*        0x00000000         0xffffffff

Linker script and memory map

                0x2000a000                _eram = 0x2000a000

.text           0x08000000     0x1dc4
 *(.isr_vector)
 .isr_vector    0x08000000      0x188 ..\obj\startup_stm32f30x.o
                0x08000000                g_pfnVectors
 *(.text*)
 .text.USART2_IRQHandler
                0x08000188       0x80 ..\obj\UART_metoder.o
                0x08000188                USART2_IRQHandler
 .text.USART_init
                0x08000208       0xd8 ..\obj\UART_metoder.o
                0x08000208                USART_init
 .text.USART_transmit
                0x080002e0       0x64 ..\obj\UART_metoder.o
                0x080002e0                USART_transmit
 .text.USART_datalog_transmit
                0x08000344       0x6c ..\obj\UART_metoder.o
                0x08000344                USART_datalog_transmit
 .text.USART_timestamp_transmit
                0x080003b0       0x40 ..\obj\UART_metoder.o
                0x080003b0                USART_timestamp_transmit
 .text.USART_getNewBytes
                0x080003f0       0x18 ..\obj\UART_metoder.o
                0x080003f0                USART_getNewBytes
 .text.USART_getRxMessage
                0x08000408       0x48 ..\obj\UART_metoder.o
                0x08000408                USART_getRxMessage
 .text.RCC_GetClocksFreq
                0x08000450      0x414 ..\obj\stm32f30x_rcc.o
                0x08000450                RCC_GetClocksFreq
 .text.RCC_AHBPeriphClockCmd
                0x08000864       0x3c ..\obj\stm32f30x_rcc.o
                0x08000864                RCC_AHBPeriphClockCmd
 .text.RCC_APB1PeriphClockCmd
                0x080008a0       0x3c ..\obj\stm32f30x_rcc.o
                0x080008a0                RCC_APB1PeriphClockCmd
 .text.RCC_APB1PeriphResetCmd
                0x080008dc       0x3c ..\obj\stm32f30x_rcc.o
                0x080008dc                RCC_APB1PeriphResetCmd
 .text.GPIO_Init
                0x08000918      0x128 ..\obj\stm32f30x_gpio.o
                0x08000918                GPIO_Init
 .text.GPIO_PinAFConfig
                0x08000a40       0x90 ..\obj\stm32f30x_gpio.o
                0x08000a40                GPIO_PinAFConfig
 .text.GPIO_init
                0x08000ad0       0x58 ..\obj\GPIO_metoder.o
                0x08000ad0                GPIO_init
 .text.main     0x08000b28       0x2c ..\obj\main.o
                0x08000b28                main
 .text.init     0x08000b54       0x18 ..\obj\init.o
                0x08000b54                init
 .text.CAN_Config
                0x08000b6c      0x168 ..\obj\can_metoder.o
                0x08000b6c                CAN_Config
 .text.USB_LP_CAN1_RX0_IRQHandler
                0x08000cd4       0x94 ..\obj\can_metoder.o
                0x08000cd4                USB_LP_CAN1_RX0_IRQHandler
 .text.CAN_getRxMessages
                0x08000d68       0x18 ..\obj\can_metoder.o
                0x08000d68                CAN_getRxMessages
 .text.CAN_getByteFromMessage
                0x08000d80       0x48 ..\obj\can_metoder.o
                0x08000d80                CAN_getByteFromMessage
 .text.CAN_transmitByte
                0x08000dc8       0x7c ..\obj\can_metoder.o
                0x08000dc8                CAN_transmitByte
 .text.SystemInit1
                0x08000e44       0x80 ..\obj\system_stm32f30x_temp.o
                0x08000e44                SystemInit
                0x08000e44                SystemInit1
 .text.SetSysClock1
                0x08000ec4       0xe0 ..\obj\system_stm32f30x_temp.o
                0x08000ec4                SetSysClock
 .text.NVIC_Init
                0x08000fa4       0xc4 ..\obj\stm32f30x_misc.o
                0x08000fa4                NVIC_Init
 .text.Reset_Handler
                0x08001068       0x44 ..\obj\startup_stm32f30x.o
                0x08001068                Reset_Handler
 .text.Default_Handler
                0x080010ac        0x2 ..\obj\startup_stm32f30x.o
                0x080010ac                RTC_Alarm_IRQHandler
                0x080010ac                TIM8_TRG_COM_IRQHandler
                0x080010ac                TIM8_CC_IRQHandler
                0x080010ac                DebugMon_Handler
                0x080010ac                TIM1_CC_IRQHandler
                0x080010ac                HardFault_Handler
                0x080010ac                USB_HP_IRQHandler
                0x080010ac                PVD_IRQHandler
                0x080010ac                PendSV_Handler
                0x080010ac                NMI_Handler
                0x080010ac                EXTI3_IRQHandler
                0x080010ac                EXTI0_IRQHandler
                0x080010ac                I2C2_EV_IRQHandler
                0x080010ac                FPU_IRQHandler
                0x080010ac                EXTI2_TS_IRQHandler
                0x080010ac                TIM1_UP_TIM16_IRQHandler
                0x080010ac                UsageFault_Handler
                0x080010ac                ADC1_2_IRQHandler
                0x080010ac                SPI1_IRQHandler
                0x080010ac                TIM6_DAC_IRQHandler
                0x080010ac                TIM8_UP_IRQHandler
                0x080010ac                DMA2_Channel2_IRQHandler
                0x080010ac                DMA1_Channel4_IRQHandler
                0x080010ac                USART3_IRQHandler
                0x080010ac                DMA1_Channel7_IRQHandler
                0x080010ac                CAN1_RX1_IRQHandler
                0x080010ac                UART5_IRQHandler
                0x080010ac                ADC3_IRQHandler
                0x080010ac                TIM4_IRQHandler
                0x080010ac                DMA2_Channel1_IRQHandler
                0x080010ac                I2C1_EV_IRQHandler
                0x080010ac                DMA1_Channel6_IRQHandler
                0x080010ac                UART4_IRQHandler
                0x080010ac                DMA2_Channel4_IRQHandler
                0x080010ac                TIM3_IRQHandler
                0x080010ac                RCC_IRQHandler
                0x080010ac                DMA1_Channel1_IRQHandler
                0x080010ac                Default_Handler
                0x080010ac                USBWakeUp_RMP_IRQHandler
                0x080010ac                EXTI15_10_IRQHandler
                0x080010ac                TIM7_IRQHandler
                0x080010ac                EXTI9_5_IRQHandler
                0x080010ac                TAMPER_STAMP_IRQHandler
                0x080010ac                RTC_WKUP_IRQHandler
                0x080010ac                SPI2_IRQHandler
                0x080010ac                MemManage_Handler
                0x080010ac                SVC_Handler
                0x080010ac                DMA2_Channel5_IRQHandler
                0x080010ac                DMA1_Channel5_IRQHandler
                0x080010ac                USB_LP_IRQHandler
                0x080010ac                EXTI4_IRQHandler
                0x080010ac                TIM1_TRG_COM_TIM17_IRQHandler
                0x080010ac                USB_HP_CAN1_TX_IRQHandler
                0x080010ac                DMA1_Channel3_IRQHandler
                0x080010ac                ADC4_IRQHandler
                0x080010ac                WWDG_IRQHandler
                0x080010ac                TIM2_IRQHandler
                0x080010ac                COMP7_IRQHandler
                0x080010ac                COMP1_2_3_IRQHandler
                0x080010ac                EXTI1_IRQHandler
                0x080010ac                COMP4_5_6_IRQHandler
                0x080010ac                I2C2_ER_IRQHandler
                0x080010ac                DMA1_Channel2_IRQHandler
                0x080010ac                TIM8_BRK_IRQHandler
                0x080010ac                CAN1_SCE_IRQHandler
                0x080010ac                FLASH_IRQHandler
                0x080010ac                BusFault_Handler
                0x080010ac                USART1_IRQHandler
                0x080010ac                SPI3_IRQHandler
                0x080010ac                I2C1_ER_IRQHandler
                0x080010ac                USBWakeUp_IRQHandler
                0x080010ac                DMA2_Channel3_IRQHandler
                0x080010ac                TIM1_BRK_TIM15_IRQHandler
 *fill*         0x080010ae        0x2 
 .text.NVIC_SetPriority
                0x080010b0       0x54 ..\obj\SysTick_metoder.o
 .text.SysTick_init
                0x08001104       0x30 ..\obj\SysTick_metoder.o
                0x08001104                SysTick_init
 .text.SysTick_Handler
                0x08001134      0x180 ..\obj\SysTick_metoder.o
                0x08001134                SysTick_Handler
 .text.CAN_DeInit
                0x080012b4       0x24 ..\obj\stm32f30x_can.o
                0x080012b4                CAN_DeInit
 .text.CAN_Init
                0x080012d8      0x1a4 ..\obj\stm32f30x_can.o
                0x080012d8                CAN_Init
 .text.CAN_FilterInit
                0x0800147c      0x174 ..\obj\stm32f30x_can.o
                0x0800147c                CAN_FilterInit
 .text.CAN_Transmit
                0x080015f0      0x190 ..\obj\stm32f30x_can.o
                0x080015f0                CAN_Transmit
 .text.CAN_TransmitStatus
                0x08001780       0xd4 ..\obj\stm32f30x_can.o
                0x08001780                CAN_TransmitStatus
 .text.CAN_Receive
                0x08001854      0x170 ..\obj\stm32f30x_can.o
                0x08001854                CAN_Receive
 .text.CAN_ITConfig
                0x080019c4       0x3c ..\obj\stm32f30x_can.o
                0x080019c4                CAN_ITConfig
 .text.USART_Init
                0x08001a00      0x174 ..\obj\stm32f30x_usart.o
                0x08001a00                USART_Init
 .text.USART_ClockInit
                0x08001b74       0x48 ..\obj\stm32f30x_usart.o
                0x08001b74                USART_ClockInit
 .text.USART_ClockStructInit
                0x08001bbc       0x2c ..\obj\stm32f30x_usart.o
                0x08001bbc                USART_ClockStructInit
 .text.USART_Cmd
                0x08001be8       0x38 ..\obj\stm32f30x_usart.o
                0x08001be8                USART_Cmd
 .text.USART_SendData
                0x08001c20       0x24 ..\obj\stm32f30x_usart.o
                0x08001c20                USART_SendData
 .text.USART_ReceiveData
                0x08001c44       0x20 ..\obj\stm32f30x_usart.o
                0x08001c44                USART_ReceiveData
 .text.USART_ITConfig
                0x08001c64       0x84 ..\obj\stm32f30x_usart.o
                0x08001c64                USART_ITConfig
 .text.USART_GetFlagStatus
                0x08001ce8       0x34 ..\obj\stm32f30x_usart.o
                0x08001ce8                USART_GetFlagStatus
 .text.USART_GetITStatus
                0x08001d1c       0xa0 ..\obj\stm32f30x_usart.o
                0x08001d1c                USART_GetITStatus
 *(.init)
 *(.fini)
 *crtbegin.o(.ctors)
 *crtbegin?.o(.ctors)
 *(EXCLUDE_FILE(*crtend.o *crtend?.o) .ctors)
 *(SORT(.ctors.*))
 *(.ctors)
 *crtbegin.o(.dtors)
 *crtbegin?.o(.dtors)
 *(EXCLUDE_FILE(*crtend.o *crtend?.o) .dtors)
 *(SORT(.dtors.*))
 *(.dtors)
 *(.rodata*)
 .rodata        0x08001dbc        0x8 ..\obj\main.o
                0x08001dbc                MAIN_LOOP_LED
                0x08001dbd                SYSTICK_LED
                0x08001dbe                CAN_RX_LED
                0x08001dbf                CAN_TX_LED
                0x08001dc0                UART_RX_LED
                0x08001dc1                UART_TX_LED
                0x08001dc2                STATUS_LED6
                0x08001dc3                STATUS_LED7
 *(.eh_fram e*)

.glue_7         0x08001dc4        0x0
 .glue_7        0x00000000        0x0 linker stubs

.glue_7t        0x08001dc4        0x0
 .glue_7t       0x00000000        0x0 linker stubs

.vfp11_veneer   0x08001dc4        0x0
 .vfp11_veneer  0x00000000        0x0 linker stubs

.v4_bx          0x08001dc4        0x0
 .v4_bx         0x00000000        0x0 linker stubs

.iplt           0x08001dc4        0x0
 .iplt          0x00000000        0x0 ..\obj\UART_metoder.o

.rel.dyn        0x08001dc4        0x0
 .rel.iplt      0x00000000        0x0 ..\obj\UART_metoder.o

.ARM.extab
 *(.ARM.extab* .gnu.linkonce.armextab.*)
                0x08001dc4                __exidx_start = .

.ARM.exidx
 *(.ARM.exidx* .gnu.linkonce.armexidx.*)
                0x08001dc4                __exidx_end = .
                0x08001dc4                __etext = .
                0x08001dc4                _sidata = __etext

.data           0x20000000       0x3c load address 0x08001dc4
                0x20000000                __data_start__ = .
                0x20000000                _sdata = __data_start__
 *(vtable)
 *(.data*)
 .data          0x20000000       0x10 ..\obj\UART_metoder.o
                0x20000000                hex2ascii_table
 .data          0x20000010       0x2a ..\obj\stm32f30x_rcc.o
                0x2000003c                . = ALIGN (0x4)
 *fill*         0x2000003a        0x2 
                0x2000003c                PROVIDE (__preinit_array_start, .)
 *(.preinit_array)
                0x2000003c                PROVIDE (__preinit_array_end, .)
                0x2000003c                . = ALIGN (0x4)
                0x2000003c                PROVIDE (__init_array_start, .)
 *(SORT(.init_array.*))
 *(.init_array)
                0x2000003c                PROVIDE (__init_array_end, .)
                0x2000003c                . = ALIGN (0x4)
                0x2000003c                PROVIDE (__fini_array_start, .)
 *(SORT(.fini_array.*))
 *(.fini_array)
                0x2000003c                PROVIDE (__fini_array_end, .)
 *(.jcr*)
                0x2000003c                . = ALIGN (0x4)
                0x2000003c                __data_end__ = .
                0x2000003c                _edata = __data_end__

.igot.plt       0x2000003c        0x0 load address 0x08001e00
 .igot.plt      0x00000000        0x0 ..\obj\UART_metoder.o

.bss            0x2000003c       0xc0 load address 0x08001e00
                0x2000003c                . = ALIGN (0x4)
                0x2000003c                __bss_start__ = .
                0x2000003c                _sbss = __bss_start__
 *(.bss*)
 .bss           0x2000003c        0xd ..\obj\UART_metoder.o
                0x2000003c                rx_buffer
                0x20000046                rx_buffer_write_counter
                0x20000047                rx_buffer_read_counter
                0x20000048                new_bytes
 *fill*         0x20000049        0x3 
 .bss           0x2000004c       0x16 ..\obj\can_metoder.o
                0x2000004c                TxMsg
                0x20000060                rx_messages
                0x20000061                TransmitMailbox
 .bss           0x20000062        0x4 ..\obj\SysTick_metoder.o
                0x20000062                message_to_pc
                0x20000064                status_LED_cnt
                0x20000065                timestamp
 *(COMMON)
 *fill*         0x20000066        0x2 
 COMMON         0x20000068       0x94 ..\obj\can_metoder.o
                0x20000068                RxMsg
                0x2000007c                Rx_Array
                0x200000fc                . = ALIGN (0x4)
                0x200000fc                __bss_end__ = .
                0x200000fc                _ebss = __bss_end__

.heap           0x200000fc        0x0
                0x200000fc                __end__ = .
                0x200000fc                _end = __end__
                0x200000fc                end = __end__
 *(.heap*)
                0x200000fc                __HeapLimit = .

.co_stack       0x200000fc        0x4 load address 0x08001ec0
                0x20000100                . = ALIGN (0x8)
 *fill*         0x200000fc        0x4 
 *(.co_stack .co_stack.*)
                0x2000a000                __StackTop = (ORIGIN (ram) + 0xa000)
                0x20009ffc                __StackLimit = (__StackTop - SIZEOF (.co_stack))
                0x2000a000                PROVIDE (__stack, __StackTop)
                0x00000001                ASSERT ((__StackLimit >= __HeapLimit), region ram  overflowed with stack)
LOAD ..\obj\UART_metoder.o
LOAD ..\obj\stm32f30x_rcc.o
LOAD ..\obj\stm32f30x_adc.o
LOAD ..\obj\stm32f30x_gpio.o
LOAD ..\obj\GPIO_metoder.o
LOAD ..\obj\main.o
LOAD ..\obj\init.o
LOAD ..\obj\can_metoder.o
LOAD ..\obj\system_stm32f30x_temp.o
LOAD ..\obj\syscalls.o
LOAD ..\obj\stm32f30x_misc.o
LOAD ..\obj\stm32f30x_tim.o
LOAD ..\obj\startup_stm32f30x.o
LOAD ..\obj\stm32f30x_syscfg.o
LOAD ..\obj\SysTick_metoder.o
LOAD ..\obj\stm32f30x_can.o
LOAD ..\obj\stm32f30x_usart.o
START GROUP
LOAD c:/program files (x86)/gnu tools arm embedded/4.9 2015q2/bin/../lib/gcc/arm-none-eabi/4.9.3/armv7e-m\libgcc.a
LOAD c:/program files (x86)/gnu tools arm embedded/4.9 2015q2/bin/../lib/gcc/arm-none-eabi/4.9.3/../../../../arm-none-eabi/lib/armv7e-m\libg.a
LOAD c:/program files (x86)/gnu tools arm embedded/4.9 2015q2/bin/../lib/gcc/arm-none-eabi/4.9.3/../../../../arm-none-eabi/lib/armv7e-m\libc.a
END GROUP
OUTPUT(usb_can.elf elf32-littlearm)

.debug_info     0x00000000     0x5544
 .debug_info    0x00000000      0x810 ..\obj\UART_metoder.o
 .debug_info    0x00000810      0xaac ..\obj\stm32f30x_rcc.o
 .debug_info    0x000012bc      0x5fa ..\obj\stm32f30x_gpio.o
 .debug_info    0x000018b6      0x2cf ..\obj\GPIO_metoder.o
 .debug_info    0x00001b85      0x265 ..\obj\main.o
 .debug_info    0x00001dea       0x33 ..\obj\init.o
 .debug_info    0x00001e1d      0xac4 ..\obj\can_metoder.o
 .debug_info    0x000028e1      0x498 ..\obj\system_stm32f30x_temp.o
 .debug_info    0x00002d79      0x53d ..\obj\stm32f30x_misc.o
 .debug_info    0x000032b6       0xe1 ..\obj\startup_stm32f30x.o
 .debug_info    0x00003397      0x755 ..\obj\SysTick_metoder.o
 .debug_info    0x00003aec      0xb9c ..\obj\stm32f30x_can.o
 .debug_info    0x00004688      0xebc ..\obj\stm32f30x_usart.o

.debug_abbrev   0x00000000     0x1001
 .debug_abbrev  0x00000000      0x181 ..\obj\UART_metoder.o
 .debug_abbrev  0x00000181      0x1e3 ..\obj\stm32f30x_rcc.o
 .debug_abbrev  0x00000364      0x194 ..\obj\stm32f30x_gpio.o
 .debug_abbrev  0x000004f8       0xff ..\obj\GPIO_metoder.o
 .debug_abbrev  0x000005f7       0xc9 ..\obj\main.o
 .debug_abbrev  0x000006c0       0x2a ..\obj\init.o
 .debug_abbrev  0x000006ea      0x1b6 ..\obj\can_metoder.o
 .debug_abbrev  0x000008a0      0x145 ..\obj\system_stm32f30x_temp.o
 .debug_abbrev  0x000009e5      0x145 ..\obj\stm32f30x_misc.o
 .debug_abbrev  0x00000b2a       0x12 ..\obj\startup_stm32f30x.o
 .debug_abbrev  0x00000b3c      0x17d ..\obj\SysTick_metoder.o
 .debug_abbrev  0x00000cb9      0x1f3 ..\obj\stm32f30x_can.o
 .debug_abbrev  0x00000eac      0x155 ..\obj\stm32f30x_usart.o

.debug_aranges  0x00000000      0x608
 .debug_aranges
                0x00000000       0x50 ..\obj\UART_metoder.o
 .debug_aranges
                0x00000050      0x150 ..\obj\stm32f30x_rcc.o
 .debug_aranges
                0x000001a0       0x80 ..\obj\stm32f30x_gpio.o
 .debug_aranges
                0x00000220       0x20 ..\obj\GPIO_metoder.o
 .debug_aranges
                0x00000240       0x20 ..\obj\main.o
 .debug_aranges
                0x00000260       0x20 ..\obj\init.o
 .debug_aranges
                0x00000280       0x40 ..\obj\can_metoder.o
 .debug_aranges
                0x000002c0       0x30 ..\obj\system_stm32f30x_temp.o
 .debug_aranges
                0x000002f0       0x40 ..\obj\stm32f30x_misc.o
 .debug_aranges
                0x00000330       0x28 ..\obj\startup_stm32f30x.o
 .debug_aranges
                0x00000358       0x30 ..\obj\SysTick_metoder.o
 .debug_aranges
                0x00000388       0xe0 ..\obj\stm32f30x_can.o
 .debug_aranges
                0x00000468      0x1a0 ..\obj\stm32f30x_usart.o

.debug_ranges   0x00000000      0x540
 .debug_ranges  0x00000000       0x40 ..\obj\UART_metoder.o
 .debug_ranges  0x00000040      0x140 ..\obj\stm32f30x_rcc.o
 .debug_ranges  0x00000180       0x70 ..\obj\stm32f30x_gpio.o
 .debug_ranges  0x000001f0       0x10 ..\obj\GPIO_metoder.o
 .debug_ranges  0x00000200       0x10 ..\obj\main.o
 .debug_ranges  0x00000210       0x10 ..\obj\init.o
 .debug_ranges  0x00000220       0x30 ..\obj\can_metoder.o
 .debug_ranges  0x00000250       0x20 ..\obj\system_stm32f30x_temp.o
 .debug_ranges  0x00000270       0x30 ..\obj\stm32f30x_misc.o
 .debug_ranges  0x000002a0       0x20 ..\obj\startup_stm32f30x.o
 .debug_ranges  0x000002c0       0x20 ..\obj\SysTick_metoder.o
 .debug_ranges  0x000002e0       0xd0 ..\obj\stm32f30x_can.o
 .debug_ranges  0x000003b0      0x190 ..\obj\stm32f30x_usart.o

.debug_line     0x00000000     0x2b6e
 .debug_line    0x00000000      0x3b4 ..\obj\UART_metoder.o
 .debug_line    0x000003b4      0x612 ..\obj\stm32f30x_rcc.o
 .debug_line    0x000009c6      0x3a4 ..\obj\stm32f30x_gpio.o
 .debug_line    0x00000d6a      0x274 ..\obj\GPIO_metoder.o
 .debug_line    0x00000fde      0x25e ..\obj\main.o
 .debug_line    0x0000123c       0x81 ..\obj\init.o
 .debug_line    0x000012bd      0x3a5 ..\obj\can_metoder.o
 .debug_line    0x00001662      0x23b ..\obj\system_stm32f30x_temp.o
 .debug_line    0x0000189d      0x2d5 ..\obj\stm32f30x_misc.o
 .debug_line    0x00001b72       0xc4 ..\obj\startup_stm32f30x.o
 .debug_line    0x00001c36      0x2d4 ..\obj\SysTick_metoder.o
 .debug_line    0x00001f0a      0x5cd ..\obj\stm32f30x_can.o
 .debug_line    0x000024d7      0x697 ..\obj\stm32f30x_usart.o

.debug_str      0x00000000     0x2354
 .debug_str     0x00000000      0x9f7 ..\obj\UART_metoder.o
                                0xa58 (size before relaxing)
 .debug_str     0x000009f7      0x652 ..\obj\stm32f30x_rcc.o
                                0x818 (size before relaxing)
 .debug_str     0x00001049      0x1ad ..\obj\stm32f30x_gpio.o
                                0x4c3 (size before relaxing)
 .debug_str     0x000011f6       0x5f ..\obj\GPIO_metoder.o
                                0x359 (size before relaxing)
 .debug_str     0x00001255       0x96 ..\obj\main.o
                                0x26a (size before relaxing)
 .debug_str     0x000012eb       0x4d ..\obj\init.o
                                 0xce (size before relaxing)
 .debug_str     0x00001338      0x360 ..\obj\can_metoder.o
                                0xb65 (size before relaxing)
 .debug_str     0x00001698      0x11d ..\obj\system_stm32f30x_temp.o
                                0x32e (size before relaxing)
 .debug_str     0x000017b5      0x185 ..\obj\stm32f30x_misc.o
                                0x3f2 (size before relaxing)
 .debug_str     0x0000193a       0xb9 ..\obj\SysTick_metoder.o
                                0x777 (size before relaxing)
 .debug_str     0x000019f3      0x324 ..\obj\stm32f30x_can.o
                                0x758 (size before relaxing)
 .debug_str     0x00001d17      0x63d ..\obj\stm32f30x_usart.o
                                0xa23 (size before relaxing)

.comment        0x00000000       0x70
 .comment       0x00000000       0x70 ..\obj\UART_metoder.o
                                 0x71 (size before relaxing)
 .comment       0x00000000       0x71 ..\obj\stm32f30x_rcc.o
 .comment       0x00000000       0x71 ..\obj\stm32f30x_gpio.o
 .comment       0x00000000       0x71 ..\obj\GPIO_metoder.o
 .comment       0x00000000       0x71 ..\obj\main.o
 .comment       0x00000000       0x71 ..\obj\init.o
 .comment       0x00000000       0x71 ..\obj\can_metoder.o
 .comment       0x00000000       0x71 ..\obj\system_stm32f30x_temp.o
 .comment       0x00000000       0x71 ..\obj\stm32f30x_misc.o
 .comment       0x00000000       0x71 ..\obj\SysTick_metoder.o
 .comment       0x00000000       0x71 ..\obj\stm32f30x_can.o
 .comment       0x00000000       0x71 ..\obj\stm32f30x_usart.o

.ARM.attributes
                0x00000000       0x31
 .ARM.attributes
                0x00000000       0x33 ..\obj\UART_metoder.o
 .ARM.attributes
                0x00000033       0x33 ..\obj\stm32f30x_rcc.o
 .ARM.attributes
                0x00000066       0x33 ..\obj\stm32f30x_gpio.o
 .ARM.attributes
                0x00000099       0x33 ..\obj\GPIO_metoder.o
 .ARM.attributes
                0x000000cc       0x33 ..\obj\main.o
 .ARM.attributes
                0x000000ff       0x33 ..\obj\init.o
 .ARM.attributes
                0x00000132       0x33 ..\obj\can_metoder.o
 .ARM.attributes
                0x00000165       0x33 ..\obj\system_stm32f30x_temp.o
 .ARM.attributes
                0x00000198       0x33 ..\obj\stm32f30x_misc.o
 .ARM.attributes
                0x000001cb       0x21 ..\obj\startup_stm32f30x.o
 .ARM.attributes
                0x000001ec       0x33 ..\obj\SysTick_metoder.o
 .ARM.attributes
                0x0000021f       0x33 ..\obj\stm32f30x_can.o
 .ARM.attributes
                0x00000252       0x33 ..\obj\stm32f30x_usart.o

.debug_frame    0x00000000     0x17e4
 .debug_frame   0x00000000      0x100 ..\obj\UART_metoder.o
 .debug_frame   0x00000100      0x60c ..\obj\stm32f30x_rcc.o
 .debug_frame   0x0000070c      0x214 ..\obj\stm32f30x_gpio.o
 .debug_frame   0x00000920       0x34 ..\obj\GPIO_metoder.o
 .debug_frame   0x00000954       0x2c ..\obj\main.o
 .debug_frame   0x00000980       0x2c ..\obj\init.o
 .debug_frame   0x000009ac       0xc8 ..\obj\can_metoder.o
 .debug_frame   0x00000a74       0x7c ..\obj\system_stm32f30x_temp.o
 .debug_frame   0x00000af0       0xd8 ..\obj\stm32f30x_misc.o
 .debug_frame   0x00000bc8       0x7c ..\obj\SysTick_metoder.o
 .debug_frame   0x00000c44      0x3f0 ..\obj\stm32f30x_can.o
 .debug_frame   0x00001034      0x7b0 ..\obj\stm32f30x_usart.o
